Helix historian receiver / epoch 2026-09-27
2026-09-27T08:50:00Z registered sensor F-FC48
2026-09-27T08:50:01Z registered sensor F-7C17
2026-09-27T08:50:02Z registered sensor F-53F5
2026-09-27T08:50:03Z registered sensor F-3F5D
2026-09-27T08:50:04Z registered sensor F-612D
2026-09-27T08:50:05Z registered sensor F-7E55
2026-09-27T08:50:06Z registered sensor F-BD8F
2026-09-27T08:50:07Z registered sensor F-C842
2026-09-27T08:50:08Z registered sensor F-461D
2026-09-27T08:50:09Z registered sensor F-C687
2026-09-27T08:50:10Z registered sensor F-2DD4
2026-09-27T08:50:11Z registered sensor F-18C8
2026-09-27T08:50:12Z registered sensor F-8E05
2026-09-27T08:50:13Z registered sensor F-7506
2026-09-27T08:50:14Z registered sensor F-A10D
2026-09-27T08:50:15Z registered sensor F-15B9
2026-09-27T08:50:16Z registered sensor F-50E5
2026-09-27T08:50:17Z registered sensor F-1698
2026-09-27T08:50:18Z registered sensor F-2F13
2026-09-27T08:50:19Z registered sensor F-2F9E
2026-09-27T08:50:20Z registered sensor F-AC63
2026-09-27T08:50:21Z registered sensor F-EDFF
2026-09-27T08:50:22Z registered sensor F-3DA4
2026-09-27T08:50:23Z registered sensor F-47DD
2026-09-27T08:51:00Z delivery rejected: object transport is not journal envelope format
2026-09-27T08:51:01Z wrap-key policy: archive-bytes || registration calibration[0:16], SHA256 truncated128
